../Core/Src/main.c:63:10:hdlc_crc16	24	static
../Core/Src/main.c:81:6:HAL_TIM_PeriodElapsedCallback	32	static
../Core/Src/main.c:108:6:HAL_UART_RxCpltCallback	40	static
../Core/Src/main.c:164:6:delay_us	16	static
../Core/Src/main.c:172:10:read_ultrasonic	16	static
../Core/Src/main.c:191:6:store_distance	16	static
../Core/Src/main.c:196:6:check_distance_warning	16	static
../Core/Src/main.c:209:10:read_potentiometer	16	static
../Core/Src/main.c:218:5:_write	24	static
../Core/Src/main.c:246:5:main	56	static
../Core/Src/main.c:336:6:SystemClock_Config	88	static
../Core/Src/main.c:384:13:MX_ADC1_Init	24	static
../Core/Src/main.c:436:13:MX_I2C1_Init	8	static
../Core/Src/main.c:470:13:MX_TIM2_Init	32	static
../Core/Src/main.c:515:13:MX_TIM3_Init	32	static
../Core/Src/main.c:560:13:MX_USART2_UART_Init	8	static
../Core/Src/main.c:593:13:MX_GPIO_Init	40	static
../Core/Src/main.c:647:6:Error_Handler	4	static,ignoring_inline_asm
