../Core/Src/main.c:63:10:hdlc_crc16	24	static
../Core/Src/main.c:81:6:HAL_TIM_PeriodElapsedCallback	32	static
../Core/Src/main.c:108:6:HAL_UART_RxCpltCallback	40	static
../Core/Src/main.c:164:6:delay_us	16	static
../Core/Src/main.c:172:10:read_ultrasonic	16	static
../Core/Src/main.c:197:6:store_distance	16	static
../Core/Src/main.c:204:5:_write	24	static
../Core/Src/main.c:232:5:main	24	static
../Core/Src/main.c:327:6:SystemClock_Config	88	static
../Core/Src/main.c:375:13:MX_ADC1_Init	24	static
../Core/Src/main.c:427:13:MX_I2C1_Init	8	static
../Core/Src/main.c:461:13:MX_TIM2_Init	32	static
../Core/Src/main.c:506:13:MX_TIM3_Init	32	static
../Core/Src/main.c:551:13:MX_USART2_UART_Init	8	static
../Core/Src/main.c:584:13:MX_GPIO_Init	40	static
../Core/Src/main.c:638:6:Error_Handler	4	static,ignoring_inline_asm
